--- submitStockRequest POST DATA ---
Array
(
    [item_id] => 5615
    [action] => add
    [quantity] => 10
    [reason] => test curl
)

userId: NULL
--- submitStockRequest POST DATA ---
Array
(
    [item_id] => 5615
    [action] => add
    [quantity] => 10
    [reason] => test curl
)

userId: NULL
--- submitStockRequest POST DATA ---
Array
(
    [csrf_test_name] => 9b0c944032159ec91a737ec650768b1e
    [item_id] => 5615
    [action] => add
    [quantity] => 10
    [reason] => sample
)

userId: 4
Insert success: ID 30
--- submitStockRequest POST DATA ---
Array
(
    [csrf_test_name] => 9b0c944032159ec91a737ec650768b1e
    [item_id] => 5616
    [action] => add
    [quantity] => 10
    [reason] => sample1 
)

userId: 19
Insert success: ID 31
--- submitStockRequest POST DATA ---
Array
(
    [csrf_test_name] => 9b0c944032159ec91a737ec650768b1e
    [item_id] => 5616
    [action] => add
    [quantity] => 10
    [reason] => sample2
)

userId: 19
--- submitStockRequest POST DATA ---
Array
(
    [csrf_test_name] => 9b0c944032159ec91a737ec650768b1e
    [item_id] => 5617
    [action] => add
    [quantity] => 10
    [reason] => sample3
)

userId: 19
Insert success: ID 32
--- submitStockRequest POST DATA ---
Array
(
    [csrf_test_name] => 9b0c944032159ec91a737ec650768b1e
    [item_id] => 5618
    [action] => add
    [quantity] => 10
    [reason] => sample
)

userId: 19
Insert success: ID 33
--- submitStockRequest POST DATA ---
Array
(
    [csrf_test_name] => 9b0c944032159ec91a737ec650768b1e
    [item_id] => 5618
    [action] => add
    [quantity] => 10
    [reason] => sample
)

userId: 19
--- submitStockRequest POST DATA ---
Array
(
    [csrf_test_name] => 9b0c944032159ec91a737ec650768b1e
    [item_id] => 5619
    [action] => add
    [quantity] => 5
    [reason] => try lang po!
)

userId: 19
Insert success: ID 34
--- submitStockRequest POST DATA ---
Array
(
    [csrf_test_name] => 9b0c944032159ec91a737ec650768b1e
    [item_id] => 5619
    [action] => add
    [quantity] => 10
    [reason] => [Variation: Medium] samplesample
)

userId: 19
Insert success: ID 35
--- submitStockRequest POST DATA ---
Array
(
<<<<<<< HEAD
    [csrf_test_name] => 6fc1bf4f03535e9092d1e97738f7576d
    [item_id] => 5615
    [action] => add
    [quantity] => 20
    [reason] => [Variation: Small] stre
)

userId: 21
Insert success: ID 31
<<<<<<< Updated upstream
--- submitStockRequest POST DATA ---
Array
(
    [csrf_test_name] => 2fe7b7e82eb74012ea3f414f47ff069d
    [item_id] => 5646
    [action] => add
    [quantity] => 15
    [reason] => [Variation: SMALL] Peak
)

userId: 5
Insert success: ID 29
=======
=======
    [csrf_test_name] => 9658529089b3410c332ec72caadbb254
    [item_id] => 5615
    [action] => add
    [quantity] => 10
    [reason] => [Variation: Large] sample
)

userId: 19
Insert success: ID 36
--- submitStockRequest POST DATA ---
Array
(
    [csrf_test_name] => 9658529089b3410c332ec72caadbb254
    [item_id] => 5619
    [action] => add
    [quantity] => 10
    [reason] => [Variation: Small] sampleee
)

userId: 19
--- submitStockRequest POST DATA ---
Array
(
    [csrf_test_name] => 090b63bb07af8d897b13462e2b8bee4c
    [item_id] => 5621
    [action] => add
    [quantity] => 10
    [reason] => sampleeee
)

userId: 19
Insert success: ID 37
>>>>>>> d593f3b68d7012d8920aeb94a5e238f6a0fec424
>>>>>>> Stashed changes
--- submitStockRequest POST DATA ---
Array
(
    [csrf_test_name] => 187b070d7fed8139eb6987c2f942a910
    [item_id] => 5637
    [action] => add
    [quantity] => 25
    [reason] => [Variation: KALBO] PEak
)

userId: 5
Insert success: ID 29
